// Jest Snapshot v1, https://goo.gl/fbAQLP

exports[`Modal should match with snapshot 1`] = `
@keyframes animation-0 {
  from {
    opacity: 0;
  }

  to {
    opacity: 1;
  }
}

@keyframes animation-1 {
  from {
    opacity: 1;
  }

  to {
    opacity: 0;
  }
}

.emotion-10 {
  display: -webkit-box;
  display: -webkit-flex;
  display: -ms-flexbox;
  display: flex;
  -webkit-flex-direction: column;
  -ms-flex-direction: column;
  flex-direction: column;
  color: #494c4c;
  background: #fff;
  border-radius: 0.375rem;
  font-size: 1rem;
  max-height: 80%;
  max-width: 100%;
  margin: 1.875rem;
}

.emotion-10:focus {
  outline: 0;
}

.emotion-10.ReactModal__Content--after-open {
  -webkit-animation: animation-0 200ms cubic-bezier(0,0,0.2,1) forwards;
  animation: animation-0 200ms cubic-bezier(0,0,0.2,1) forwards;
}

.emotion-10.ReactModal__Content--before-close {
  -webkit-animation: animation-1 200ms cubic-bezier(0.4,0,0.6,1) forwards;
  animation: animation-1 200ms cubic-bezier(0.4,0,0.6,1) forwards;
}

.emotion-11 {
  display: -webkit-box;
  display: -webkit-flex;
  display: -ms-flexbox;
  display: flex;
  -webkit-align-items: center;
  -webkit-box-align: center;
  -ms-flex-align: center;
  align-items: center;
  -webkit-box-pack: center;
  -webkit-justify-content: center;
  -ms-flex-pack: center;
  justify-content: center;
  -webkit-flex-direction: row;
  -ms-flex-direction: row;
  flex-direction: row;
  position: fixed;
  top: 0;
  left: 0;
  right: 0;
  bottom: 0;
  background-color: rgba(12,13,13,0.8);
  z-index: 10000;
  will-change: opacity;
}

.emotion-11.ReactModal__Content--after-open {
  -webkit-animation: animation-0 200ms cubic-bezier(0,0,0.2,1) forwards;
  animation: animation-0 200ms cubic-bezier(0,0,0.2,1) forwards;
}

.emotion-11.ReactModal__Content--before-close {
  -webkit-animation: animation-1 200ms cubic-bezier(0.4,0,0.6,1) forwards;
  animation: animation-1 200ms cubic-bezier(0.4,0,0.6,1) forwards;
}

.emotion-4 {
  display: -webkit-box;
  display: -webkit-flex;
  display: -ms-flexbox;
  display: flex;
  -webkit-flex-shrink: 0;
  -ms-flex-negative: 0;
  flex-shrink: 0;
  -webkit-align-items: center;
  -webkit-box-align: center;
  -ms-flex-align: center;
  align-items: center;
  border-bottom: 1px solid #c4cacc;
  z-index: 1;
}

.emotion-0 {
  -webkit-flex: 1;
  -ms-flex: 1;
  flex: 1;
  color: #181a1a;
  font-size: 1.125rem;
  font-weight: 700;
  margin-left: 1.5rem;
}

.emotion-2 {
  margin: 1.125rem;
  height: 1rem;
}

.emotion-6 {
  -webkit-box-flex: 1;
  -webkit-flex-grow: 1;
  -ms-flex-positive: 1;
  flex-grow: 1;
  padding: 1.5rem;
  overflow-wrap: break-word;
}

.emotion-8 {
  padding: 1.125rem 1.5rem;
  background-color: #f3f3f3;
  border-top: 1px solid #c4cacc;
  border-radius: 0 0 0.375rem 0.375rem;
}

<div
  className="ReactModal__Overlay ReactModal__Overlay--after-open emotion-11"
  onClick={[Function]}
  onMouseDown={[Function]}
  style={Object {}}
>
  <div
    aria-label="Modal"
    className="ReactModal__Content ReactModal__Content--after-open emotion-10"
    onClick={[Function]}
    onKeyDown={[Function]}
    onMouseDown={[Function]}
    onMouseUp={[Function]}
    role="dialog"
    style={Object {}}
    tabIndex="-1"
  >
    <div
      className="emotion-4 emotion-5"
    >
      <div
        className="emotion-0 emotion-1"
      >
        Modal Title
      </div>
      <div
        className="emotion-2 emotion-3"
      />
    </div>
    <div
      className="emotion-6 emotion-7"
    >
      Hello World
    </div>
    <div
      className="emotion-8 emotion-9"
    >
      <button
        type="button"
      >
        Action1
      </button>
      <button
        type="button"
      >
        Action2
      </button>
    </div>
  </div>
</div>
`;
